<?xml version="1.0" encoding="utf-8"?><testsuites><testsuite name="pytest" errors="0" failures="0" skipped="0" tests="1" time="1.723" timestamp="2024-11-15T17:16:34.929449+05:30" hostname="LAPTOP-8V8VFU06"><testcase classname="test_example.ExampleTestCase" name="test_example" time="0.081" /></testsuite></testsuites>